{"nbformat":4,"nbformat_minor":0,"metadata":{"colab":{"name":"Untitled0.ipynb","provenance":[]},"kernelspec":{"name":"python3","display_name":"Python 3"}},"cells":[{"cell_type":"code","metadata":{"id":"jNnpQ1gTkcGZ","colab_type":"code","outputId":"da0131aa-ec64-467d-a435-55fcaabd7a56","executionInfo":{"status":"ok","timestamp":1580814849489,"user_tz":-540,"elapsed":8337,"user":{"displayName":"강지돈","photoUrl":"","userId":"08122109316133793489"}},"colab":{"base_uri":"https://localhost:8080/","height":782}},"source":["!cat /proc/meminfo"],"execution_count":1,"outputs":[{"output_type":"stream","text":["MemTotal:       13335188 kB\n","MemFree:        10840988 kB\n","MemAvailable:   12510244 kB\n","Buffers:           69416 kB\n","Cached:          1760456 kB\n","SwapCached:            0 kB\n","Active:           686108 kB\n","Inactive:        1562888 kB\n","Active(anon):     399480 kB\n","Inactive(anon):      312 kB\n","Active(file):     286628 kB\n","Inactive(file):  1562576 kB\n","Unevictable:           0 kB\n","Mlocked:               0 kB\n","SwapTotal:             0 kB\n","SwapFree:              0 kB\n","Dirty:               560 kB\n","Writeback:             0 kB\n","AnonPages:        419276 kB\n","Mapped:           216312 kB\n","Shmem:               848 kB\n","Slab:             152404 kB\n","SReclaimable:     122092 kB\n","SUnreclaim:        30312 kB\n","KernelStack:        3456 kB\n","PageTables:         5320 kB\n","NFS_Unstable:          0 kB\n","Bounce:                0 kB\n","WritebackTmp:          0 kB\n","CommitLimit:     6667592 kB\n","Committed_AS:    2727328 kB\n","VmallocTotal:   34359738367 kB\n","VmallocUsed:           0 kB\n","VmallocChunk:          0 kB\n","AnonHugePages:         0 kB\n","ShmemHugePages:        0 kB\n","ShmemPmdMapped:        0 kB\n","HugePages_Total:       0\n","HugePages_Free:        0\n","HugePages_Rsvd:        0\n","HugePages_Surp:        0\n","Hugepagesize:       2048 kB\n","DirectMap4k:       61428 kB\n","DirectMap2M:     5181440 kB\n","DirectMap1G:    10485760 kB\n"],"name":"stdout"}]},{"cell_type":"code","metadata":{"id":"BpwzO316wTGo","colab_type":"code","outputId":"2069c00d-e05c-4f02-d8bf-1bc1bbab240f","executionInfo":{"status":"ok","timestamp":1580814854108,"user_tz":-540,"elapsed":12949,"user":{"displayName":"강지돈","photoUrl":"","userId":"08122109316133793489"}},"colab":{"base_uri":"https://localhost:8080/","height":34}},"source":["!pwd"],"execution_count":2,"outputs":[{"output_type":"stream","text":["/content\n"],"name":"stdout"}]},{"cell_type":"code","metadata":{"id":"cRHxvXE3wXEV","colab_type":"code","colab":{}},"source":[""],"execution_count":0,"outputs":[]}]}